Failed saving result bundle for error: The file “TestResults” couldn’t be saved in the folder “Hanuman-Chalisa-Kids”.
xcodebuild: error: Existing file at -resultBundlePath "/Users/madhurgrover/Hanuman-Chalisa-Kids/TestResults"

